------------------------------------------------------------
TimeQuest Timing Analyzer Summary
------------------------------------------------------------

Type  : Slow 1200mV 85C Model Setup 'CL'
Slack : -0.018
TNS   : -0.018

Type  : Slow 1200mV 85C Model Setup 'inst'
Slack : 0.112
TNS   : 0.000

Type  : Slow 1200mV 85C Model Setup 'inst1'
Slack : 0.162
TNS   : 0.000

Type  : Slow 1200mV 85C Model Setup 'inst2'
Slack : 0.317
TNS   : 0.000

Type  : Slow 1200mV 85C Model Hold 'inst1'
Slack : -0.011
TNS   : -0.011

Type  : Slow 1200mV 85C Model Hold 'inst'
Slack : 0.076
TNS   : 0.000

Type  : Slow 1200mV 85C Model Hold 'CL'
Slack : 0.103
TNS   : 0.000

Type  : Slow 1200mV 85C Model Hold 'inst2'
Slack : 0.384
TNS   : 0.000

Type  : Slow 1200mV 85C Model Minimum Pulse Width 'CL'
Slack : -3.000
TNS   : -4.000

Type  : Slow 1200mV 85C Model Minimum Pulse Width 'inst'
Slack : -1.000
TNS   : -1.000

Type  : Slow 1200mV 85C Model Minimum Pulse Width 'inst1'
Slack : -1.000
TNS   : -1.000

Type  : Slow 1200mV 85C Model Minimum Pulse Width 'inst2'
Slack : -1.000
TNS   : -1.000

Type  : Slow 1200mV 0C Model Setup 'CL'
Slack : 0.057
TNS   : 0.000

Type  : Slow 1200mV 0C Model Setup 'inst'
Slack : 0.154
TNS   : 0.000

Type  : Slow 1200mV 0C Model Setup 'inst1'
Slack : 0.197
TNS   : 0.000

Type  : Slow 1200mV 0C Model Setup 'inst2'
Slack : 0.398
TNS   : 0.000

Type  : Slow 1200mV 0C Model Hold 'inst1'
Slack : -0.001
TNS   : -0.001

Type  : Slow 1200mV 0C Model Hold 'CL'
Slack : 0.062
TNS   : 0.000

Type  : Slow 1200mV 0C Model Hold 'inst'
Slack : 0.068
TNS   : 0.000

Type  : Slow 1200mV 0C Model Hold 'inst2'
Slack : 0.341
TNS   : 0.000

Type  : Slow 1200mV 0C Model Minimum Pulse Width 'CL'
Slack : -3.000
TNS   : -4.000

Type  : Slow 1200mV 0C Model Minimum Pulse Width 'inst'
Slack : -1.000
TNS   : -1.000

Type  : Slow 1200mV 0C Model Minimum Pulse Width 'inst1'
Slack : -1.000
TNS   : -1.000

Type  : Slow 1200mV 0C Model Minimum Pulse Width 'inst2'
Slack : -1.000
TNS   : -1.000

Type  : Fast 1200mV 0C Model Setup 'CL'
Slack : 0.185
TNS   : 0.000

Type  : Fast 1200mV 0C Model Setup 'inst'
Slack : 0.308
TNS   : 0.000

Type  : Fast 1200mV 0C Model Setup 'inst1'
Slack : 0.342
TNS   : 0.000

Type  : Fast 1200mV 0C Model Setup 'inst2'
Slack : 0.624
TNS   : 0.000

Type  : Fast 1200mV 0C Model Hold 'inst1'
Slack : -0.033
TNS   : -0.033

Type  : Fast 1200mV 0C Model Hold 'inst'
Slack : 0.020
TNS   : 0.000

Type  : Fast 1200mV 0C Model Hold 'CL'
Slack : 0.088
TNS   : 0.000

Type  : Fast 1200mV 0C Model Hold 'inst2'
Slack : 0.206
TNS   : 0.000

Type  : Fast 1200mV 0C Model Minimum Pulse Width 'CL'
Slack : -3.000
TNS   : -4.091

Type  : Fast 1200mV 0C Model Minimum Pulse Width 'inst'
Slack : -1.000
TNS   : -1.000

Type  : Fast 1200mV 0C Model Minimum Pulse Width 'inst1'
Slack : -1.000
TNS   : -1.000

Type  : Fast 1200mV 0C Model Minimum Pulse Width 'inst2'
Slack : -1.000
TNS   : -1.000

------------------------------------------------------------
